---
source: crates/kuai-syntax/tests/parser_test.rs
expression: pretty_output
input_file: crates/kuai-syntax/tests/cases/functions/valid/heavy_compute.ku
---
(<func> [@gpu, @kernel(threads = (<i64> 128)), @unroll(factor = (<i64> 4))] (<proto> heavy_compute ((<param> data: (<tensor> <f32> [N])))) (<block>
  
))
