---
source: crates/parser/tests/parser_test.rs
expression: pretty_output
---
import std::math;
import std::math;
@module_attribute(version: (str "\"1.0\""))
struct Config<T> {
  value: T,
  enabled: bool,
}
@inline
func helper(x: f32) -> f32 {
  return (* x, (f32 2));
}
@kernel(threads: (i32 256))
@optimize(level: (i32 3))
func main_kernel<T: Numeric>(input: T[N, M], config: Config<T>) -> T[N, M] {
  temp = (input[(i32 0), (i32 0) ] );
  result = (* .xyinput, temp);
  return result;
}
