---
source: crates/tofu-syntax/tests/parser_test.rs
expression: pretty_output
input_file: crates/tofu-syntax/tests/cases/class/valid/struct_decl.tof
---
(<struct> Point
  (<field> x: <f32>)
  (<field> y: <f32>)
)
(<struct> Container <(<generic> T)>
  (<field> value: (<type> T))
  (<field> count: <i32>)
)
