---
source: crates/tofu-syntax/tests/parser_test.rs
expression: pretty_output
input_file: crates/tofu-syntax/tests/fixtures/simple_func.tof
---
(<func> (<proto> Spur(1) ()) (<block>
  
))
(<func> (<proto> Spur(2) ((<param> Spur(3): <i32>), (<param> Spur(4): <i32>)) -> <i32>) (<block>
  (<return> (<+> Spur(3), Spur(4)))
))
(<func> (<proto> Spur(5) <(<generic> Spur(6))> ((<param> Spur(7): (<type> Spur(6)))) -> (<type> Spur(6))) (<block>
  (<return> Spur(7))
))
(<func> (<proto> Spur(8) <(<generic> Spur(6): (<type> Spur(9))), (<generic> Spur(10) = <f32>)> ((<param> Spur(11): (<type> Spur(6))), (<param> Spur(12): (<type> Spur(10)))) -> (<type> Spur(6))) (<block>
  (<return> Spur(11))
))
(<func> (<proto> Spur(3) ()) (<block>
  
))
