---
source: crates/tofu-syntax/tests/parser_test.rs
expression: pretty_output
input_file: crates/tofu-syntax/tests/cases/expression/valid/simple_assign.tof
---
(<set> x = (<i64> 42))
(<set> v = [(<i64> 1), (<i64> 2), (<i64> 3), (<i64> 4)])
(<set> v = [(<i64> 1), (<i64> 2), (<i64> 3), (<i64> 4)])
(<return> (<+> x, y))
