---
source: crates/tofu-syntax/tests/parser_test.rs
expression: pretty_output
input_file: crates/tofu-syntax/tests/fixtures/complex_1.tof
---
(<import> Spur(1)::Spur(2)::Spur(3))
(<struct> [@swizzle_set(Spur(4) = (<str> "\"nchw\""), Spur(5) = [(<i64> 0), (<i64> 1), (<i64> 2), (<i64> 3)])] Spur(6)
  (<field> Spur(7): <f32>)
)
(<func> [@kernel(Spur(8) = (<i64> 256))] (<proto> Spur(9) ((<param> Spur(10): (<tensor> <f32> [Spur(11), Spur(12), Spur(13), Spur(14)]))) -> (<tensor> <f32> [Spur(11), Spur(12), Spur(13), Spur(14)])) (<block>
  (<set> Spur(15) = [(<f64> 0.5), (<f64> 0.5), (<f64> 0.5)])
  (<set> Spur(16) = (<*> (<dot> Spur(10), Spur(17)), Spur(15)))
  (<return> Spur(16))
))
