---
source: crates/tofu-syntax/tests/parser_test.rs
expression: pretty_output
input_file: crates/tofu-syntax/tests/fixtures/attribute.tof
---
(<func> [@inline] (<proto> fast ()) (<block>
  
))
(<struct> [@swizzle_set(chars = (<str> "\"xyzw\""), indices = [(<i64> 0), (<i64> 1), (<i64> 2), (<i64> 3)])] Point <(<generic> M), (<generic> N), (<generic> K)>
  (<field> position: (<tensor> <f32> [(<i64> 4)]))
  (<field> color: (<tensor> <f32> [(<i64> 4)]))
)
(<func> [@kernel(threads = (<i64> 256))] (<proto> compute ()) (<block>
  
))
(<func> [@gpu, @kernel(threads = (<i64> 128)), @unroll(factor = (<i64> 4))] (<proto> heavy_compute ((<param> data: (<tensor> <f32> [N])))) (<block>
  
))
(<func> [@optimize(level = (<i64> 2)), @kernel(@inline, @unroll(factor = (<i64> 2)))] (<proto> foo ()) (<block>
  
))
