---
source: crates/tofu-syntax/tests/parser_test.rs
expression: pretty_output
input_file: crates/tofu-syntax/tests/fixtures/complex_expr.tof
---
(<set> Spur(1) = (<+> (<+> (</> (<*> (<+> Spur(2), Spur(3)), (<-> Spur(4),
Spur(5))), Spur(6)), (<*> (<dot> Spur(7), Spur(3)),
[(<i64> 1), (<i64> 2), (<i64> 3), (<i64> 4)])),
(<index> Spur(6) [Spur(2), Spur(3), Spur(4), Spur(6), Spur(5)])))
(<set> Spur(1) = (<+> (<+> (<+> (</> (<*> (<+> Spur(2), Spur(3)), (<-> Spur(4),
Spur(5))), Spur(6)), (<*> (<dot> Spur(7), Spur(3)),
[(<i64> 1), (<i64> 2), (<i64> 3), (<i64> 4)])),
(<index> Spur(6) [Spur(2), Spur(3), Spur(4), Spur(6), Spur(5)])),
(<call> (<call> (<call> Spur(8) (Spur(2))) (Spur(3))) (Spur(4)))))
