---
source: crates/tofu-syntax/tests/parser_test.rs
expression: pretty_output
input_file: crates/tofu-syntax/tests/fixtures/attribute.tof
---
(<func> [@inline] (<proto> Spur(1) ()) (<block>
  
))
(<struct> [@swizzle_set(Spur(2) = (<str> "\"xyzw\""), Spur(3) = [(<i64> 0), (<i64> 1), (<i64> 2), (<i64> 3)])] Spur(4) <(<generic> Spur(5)), (<generic> Spur(6)), (<generic> Spur(7))>
  (<field> Spur(8): (<tensor> <f32> [(<i64> 4)]))
  (<field> Spur(9): (<tensor> <f32> [(<i64> 4)]))
)
(<func> [@kernel(Spur(10) = (<i64> 256))] (<proto> Spur(11) ()) (<block>
  
))
(<func> [@gpu, @kernel(Spur(10) = (<i64> 128)), @unroll(Spur(12) = (<i64> 4))] (<proto> Spur(13) ((<param> Spur(14): (<tensor> <f32> [Spur(6)])))) (<block>
  
))
(<func> [@optimize(Spur(15) = (<i64> 2)), @kernel(@inline, @unroll(Spur(12) = (<i64> 2)))] (<proto> Spur(18) ()) (<block>
  
))
